Removed Pin From Net: NetName=NetR2_1 Pin=R3-1
Removed Pin From Net: NetName=+3.3 Pin=R3-2
Removed Pin From Net: NetName=+3.3 Pin=R4-1
Removed Pin From Net: NetName=NHIET Pin=R4-2
Removed Pin From Net: NetName=+3.3 Pin=R5-1
Removed Pin From Net: NetName=NetC4_2 Pin=R5-2
Removed Pin From Net: NetName=NetC4_2 Pin=R6-1
Removed Pin From Net: NetName=GND Pin=R6-2
Change Component Footprint: Designator=R2 Old Footprint=RESSITOR_PTH_12.5mm New Footprint=RESISTOR_0805
Change Component Footprint: Designator=R3 Old Footprint=RESSITOR_PTH_12.5mm New Footprint=RESISTOR_0805
Change Component Footprint: Designator=R4 Old Footprint=RESSITOR_PTH_12.5mm New Footprint=RESISTOR_0805
Change Component Footprint: Designator=R5 Old Footprint=RESSITOR_PTH_12.5mm New Footprint=RESISTOR_0805
Change Component Footprint: Designator=R6 Old Footprint=RESSITOR_PTH_12.5mm New Footprint=RESISTOR_0805
Change Component Footprint: Designator=R7 Old Footprint=RESSITOR_PTH_12.5mm New Footprint=RESISTOR_0805
Change Component Comment : Designator=R2 Old Comment=10K New Comment=RESISTOR_0805
Change Component Comment : Designator=R3 Old Comment=10K New Comment=RESISTOR_0805
Change Component Comment : Designator=R4 Old Comment=10K New Comment=RESISTOR_0805
Change Component Comment : Designator=R5 Old Comment=10K New Comment=RESISTOR_0805
Change Component Comment : Designator=R6 Old Comment=10K New Comment=RESISTOR_0805
Change Component Comment : Designator=R7 Old Comment=10K New Comment=RESISTOR_0805
Added Pin To Net: NetName=+3.3 Pin=R3-1
Added Pin To Net: NetName=NetR2_1 Pin=R3-2
Added Pin To Net: NetName=NHIET Pin=R4-1
Added Pin To Net: NetName=+3.3 Pin=R4-2
Added Pin To Net: NetName=NetC4_2 Pin=R5-1
Added Pin To Net: NetName=+3.3 Pin=R5-2
Added Pin To Net: NetName=GND Pin=R6-1
Added Pin To Net: NetName=NetC4_2 Pin=R6-2
Added Member To Class: ClassName=Nguyen_Ly Member=Component J1 DS18B20
Added Member To Class: ClassName=Nguyen_Ly Member=Component J2 801S
Added Member To Class: ClassName=Nguyen_Ly Member=Component U2 AP3P080N
