Removed Pin From Net: NetName=+3.3 Pin=J8-8
Removed Pin From Net: NetName=BUTTON_1 Pin=S4-1
Removed Pin From Net: NetName=BUTTON_1 Pin=S4-1
Removed Pin From Net: NetName=GND Pin=S4-2
Removed Pin From Net: NetName=GND Pin=S4-2
Removed Pin From Net: NetName=BUTTON_2 Pin=S5-1
Removed Pin From Net: NetName=BUTTON_2 Pin=S5-1
Removed Pin From Net: NetName=GND Pin=S5-2
Removed Pin From Net: NetName=GND Pin=S5-2
Removed Pin From Net: NetName=BUTTON_3 Pin=S6-1
Removed Pin From Net: NetName=BUTTON_3 Pin=S6-1
Removed Pin From Net: NetName=GND Pin=S6-2
Removed Pin From Net: NetName=GND Pin=S6-2
Removed Pin From Net: NetName=BUTTON_4 Pin=S7-1
Removed Pin From Net: NetName=BUTTON_4 Pin=S7-1
Removed Pin From Net: NetName=GND Pin=S7-2
Removed Pin From Net: NetName=GND Pin=S7-2
Removed Pin From Net: NetName=BUTTON_4 Pin=U1-12
Removed Pin From Net: NetName=BUTTON_3 Pin=U1-13
Removed Pin From Net: NetName=BUTTON_2 Pin=U1-14
Removed Pin From Net: NetName=BUTTON_1 Pin=U1-16
Change Component Footprint: Designator=U4 Old Footprint=CRISTAL_16Mhz_SMD New Footprint=CRISTAL_16Mhz
Change Component Footprint: Designator=S5 Old Footprint=PUSH_BUTTON_12X12_GREEN New Footprint=PUSH_BUTTON_12X12_BLUE
Change Component Footprint: Designator=S7 Old Footprint=PUSH_BUTTON_12X12_RED New Footprint=PUSH_BUTTON_12X12_BLUE
Change Component Footprint: Designator=S6 Old Footprint=PUSH_BUTTON_12X12_YELLOW New Footprint=PUSH_BUTTON_12X12_BLUE
Change Component Comment : Designator=U4 Old Comment=CRISTAL_8Mhz New Comment=8 MHz
Change Component Designator: OldDesignator=J6 NewDesignator=J8
Change Component Designator: OldDesignator=J7 NewDesignator=J9
Change Component Designator: OldDesignator=J8 NewDesignator=J10
Change Component Designator: OldDesignator=J9 NewDesignator=J11
Change Component Designator: OldDesignator=R19 NewDesignator=R20
Change Component Designator: OldDesignator=R20 NewDesignator=R19
Change Component Designator: OldDesignator=R27 NewDesignator=R28
Change Component Designator: OldDesignator=R28 NewDesignator=R29
Change Component Designator: OldDesignator=R29 NewDesignator=R30
Change Component Designator: OldDesignator=R30 NewDesignator=R31
Change Component Designator: OldDesignator=U15 NewDesignator=U16
Change Component Designator: OldDesignator=U16 NewDesignator=U17
Change Component Designator: OldDesignator=U17 NewDesignator=U18
Change Component Designator: OldDesignator=U18 NewDesignator=U19
Added Component: Designator=J6(MALE-2.54-5P)
Add component (AddParameter): Name = "JLCPCB PN"; Value = "C492404"; VariantName = "[No Variations]"
Added Component: Designator=J7(MALE-2.54-5P)
Add component (AddParameter): Name = "JLCPCB PN"; Value = "C492404"; VariantName = "[No Variations]"
Added Component: Designator=R27(RESISTOR_0805)
Add Component: Footprint Not Found SOIC_B107S_RTN
Added Component: Designator=U15(J3Y)
Add component (AddParameter): Name = "ComponentLink1Description"; Value = "Datasheet"; VariantName = "[No Variations]"
Add component (AddParameter): Name = "ComponentLink1URL"; Value = "https://media.digikey.com/pdf/Data%20Sheets/UTD%20Semi%20PDFs/S8050.pdf"; VariantName = "[No Variations]"
Add component (AddParameter): Name = "Digikey PN"; Value = "4518-S8050CT-ND"; VariantName = "[No Variations]"
Add component (AddParameter): Name = "JLCPCB PN"; Value = "C2828466"; VariantName = "[No Variations]"
Added Pin To Net: NetName=BUTTON_1 Pin=J6-1
Added Pin To Net: NetName=BUTTON_2 Pin=J6-2
Added Pin To Net: NetName=BUTTON_3 Pin=J6-3
Added Pin To Net: NetName=BUTTON_4 Pin=J6-4
Added Pin To Net: NetName=GND Pin=J6-5
Added Pin To Net: NetName=BUTTON_4 Pin=U1-10
Added Pin To Net: NetName=BUTTON_3 Pin=U1-11
Added Pin To Net: NetName=BUTTON_2 Pin=U1-12
Added Pin To Net: NetName=BUTTON_1 Pin=U1-13
Add Pin To Net: Unknown Pin: Pin U7-1
Add Pin To Net: Unknown Pin: Pin U7-2
Add Pin To Net: Unknown Pin: Pin U7-3
Add Pin To Net: Unknown Pin: Pin U7-4
Added Pin To Net: NetName=+3.3 Pin=U15-3
Change Net Name : Old Net Name=NetJ6_1 New Net Name=NetJ8_1
Change Net Name : Old Net Name=NetJ6_2 New Net Name=NetJ8_2
Change Net Name : Old Net Name=NetJ6_3 New Net Name=NetJ8_3
Change Net Name : Old Net Name=NetJ7_1 New Net Name=NetJ9_1
Change Net Name : Old Net Name=NetJ7_2 New Net Name=NetJ9_2
Change Net Name : Old Net Name=NetJ7_3 New Net Name=NetJ9_3
Change Net Name : Old Net Name=NetJ9_1 New Net Name=NetJ11_1
Change Net Name : Old Net Name=NetJ9_2 New Net Name=NetJ11_2
Change Net Name : Old Net Name=NetJ9_3 New Net Name=NetJ11_3
Change Net Name : Old Net Name=NetR28_1 New Net Name=NetR29_1
Change Net Name : Old Net Name=NetR29_2 New Net Name=NetR30_2
Added Pin To Net: NetName=GND_B Pin=J7-5
Added Pin To Net: NetName=GND_B Pin=S4-1
Added Pin To Net: NetName=GND_B Pin=S4-1
Added Pin To Net: NetName=GND_B Pin=S5-1
Added Pin To Net: NetName=GND_B Pin=S5-1
Added Pin To Net: NetName=GND_B Pin=S6-1
Added Pin To Net: NetName=GND_B Pin=S6-1
Added Pin To Net: NetName=GND_B Pin=S7-1
Added Pin To Net: NetName=GND_B Pin=S7-1
Added Net: Name=GND_B
Added Pin To Net: NetName=LED_TFT Pin=R27-1
Added Pin To Net: NetName=LED_TFT Pin=U1-14
Added Net: Name=LED_TFT
Added Pin To Net: NetName=NetJ7_1 Pin=J7-1
Added Pin To Net: NetName=NetJ7_1 Pin=S4-2
Added Pin To Net: NetName=NetJ7_1 Pin=S4-2
Added Net: Name=NetJ7_1
Added Pin To Net: NetName=NetJ7_2 Pin=J7-2
Added Pin To Net: NetName=NetJ7_2 Pin=S5-2
Added Pin To Net: NetName=NetJ7_2 Pin=S5-2
Added Net: Name=NetJ7_2
Added Pin To Net: NetName=NetJ7_3 Pin=J7-3
Added Pin To Net: NetName=NetJ7_3 Pin=S6-2
Added Pin To Net: NetName=NetJ7_3 Pin=S6-2
Added Net: Name=NetJ7_3
Added Pin To Net: NetName=NetJ7_4 Pin=J7-4
Added Pin To Net: NetName=NetJ7_4 Pin=S7-2
Added Pin To Net: NetName=NetJ7_4 Pin=S7-2
Added Net: Name=NetJ7_4
Added Pin To Net: NetName=NetJ10_8 Pin=J10-8
Added Pin To Net: NetName=NetJ10_8 Pin=U15-2
Added Net: Name=NetJ10_8
Added Pin To Net: NetName=NetR27_2 Pin=R27-2
Added Pin To Net: NetName=NetR27_2 Pin=U15-1
Added Net: Name=NetR27_2
Added Member To Class: ClassName=Nguyen_Ly Member=Component J10 TFT 2.8inh
Added Member To Class: ClassName=Nguyen_Ly Member=Component J11 BORNE-5.00-3P
Added Member To Class: ClassName=Nguyen_Ly Member=Component R31 10K
Add Class Member: Failed to add class member : Component U7 DB107S
Added Member To Class: ClassName=Nguyen_Ly Member=Component U19 DHT11
Added Rule: Name=Schematic Supply Nets_4
