Removed Pin From Net: NetName=+3.3 Pin=J7-1
Removed Pin From Net: NetName=GND Pin=J7-2
Removed Pin From Net: NetName=CS Pin=J7-3
Removed Pin From Net: NetName=RESET_TFT Pin=J7-4
Removed Pin From Net: NetName=DC_TFT Pin=J7-5
Removed Pin From Net: NetName=SDI(MOSI) Pin=J7-6
Removed Pin From Net: NetName=SCK Pin=J7-7
Removed Pin From Net: NetName=+3.3 Pin=J7-8
Change Component Designator: OldDesignator=J8 NewDesignator=J7
Added Component: Designator=J8(MALE-2.54-8P)
Add component (AddParameter): Name = "JLCPCB  PN"; Value = "C492407"; VariantName = "[No Variations]"
Added Pin To Net: NetName=+3.3 Pin=J8-1
Added Pin To Net: NetName=GND Pin=J8-2
Added Pin To Net: NetName=CS Pin=J8-3
Added Pin To Net: NetName=RESET_TFT Pin=J8-4
Added Pin To Net: NetName=DC_TFT Pin=J8-5
Added Pin To Net: NetName=SDI(MOSI) Pin=J8-6
Added Pin To Net: NetName=SCK Pin=J8-7
Added Pin To Net: NetName=+3.3 Pin=J8-8
Change Net Name : Old Net Name=NetJ8_1 New Net Name=NetJ7_1
Change Net Name : Old Net Name=NetJ8_2 New Net Name=NetJ7_2
Change Net Name : Old Net Name=NetJ8_3 New Net Name=NetJ7_3
