Remove Pin=D1-2 From Net=RESET_SYSTEM
Remove Pin=D2-2 From Net=RESET_SYSTEM
Remove Pin=D3-2 From Net=RESET_SYSTEM
Remove Pin=D4-2 From Net=GND
Remove Pin=J2-1 From Net=SWDIO
Remove Pin=J2-2 From Net=GND
Remove Pin=J2-3 From Net=SWCLK
Remove Pin=J2-4 From Net=+3.3
Remove Pin=J3-1 From Net=DTR
Remove Pin=J3-2 From Net=RXD
Remove Pin=J3-3 From Net=TXD
Remove Pin=J3-4 From Net=GND
Remove Pin=J3-5 From Net=+3.3
Remove Pin=J7-1 From Net=+3.3
Remove Pin=J7-2 From Net=GND
Remove Pin=J7-3 From Net=CS
Remove Pin=J7-4 From Net=RESET_TFT
Remove Pin=J7-5 From Net=DC_TFT
Remove Pin=J7-6 From Net=SDI(MOSI)
Remove Pin=J7-7 From Net=SCK
Remove Pin=J7-8 From Net=+3.3
Remove Pin=J?-1 From Net=RS_ZB
Remove Pin=J?-2 From Net=DD
Remove Pin=J?-3 From Net=DC
Remove Pin=J?-4 From Net=GND
Remove Pin=J?-5 From Net=+3.3
Remove Pin=R5-2 From Net=BOOT
Remove Pin=R9-1 From Net=LED_RED
Remove Pin=R10-1 From Net=LED_GREEN
Remove Pin=R11-1 From Net=BUZZER
Remove Pin=R12-1 From Net=LED_BLUE
Remove Pin=R14-2 From Net=Role_1
Remove Pin=R19-2 From Net=Role_2
Remove Pin=R21-2 From Net=Role_3
Remove Pin=R23-2 From Net=Role_4
Remove Pin=U1A-5 From Net=OSC_IN
Remove Pin=U1A-6 From Net=OSC_OUT
Remove Pin=U1A-7 From Net=RS_STM
Remove Pin=U1A-12 From Net=UART2_STM_TX
Remove Pin=U1A-13 From Net=UART2_STM_RX
Remove Pin=U1A-14 From Net=CS
Remove Pin=U1A-15 From Net=SCK
Remove Pin=U1A-16 From Net=DC_TFT
Remove Pin=U1A-17 From Net=SDI(MOSI)
Remove Pin=U1A-18 From Net=BUTTON_1
Remove Pin=U1A-19 From Net=BUTTON_2
Remove Pin=U1A-20 From Net=BUTTON_3
Remove Pin=U1A-21 From Net=LED_BLUE
Remove Pin=U1A-22 From Net=DATA_DHT
Remove Pin=U1A-25 From Net=BUZZER
Remove Pin=U1A-29 From Net=RESET_TFT
Remove Pin=U1A-30 From Net=UART1_STM_TX
Remove Pin=U1A-31 From Net=UART1_STM_RX
Remove Pin=U1A-34 From Net=SWDIO
Remove Pin=U1A-37 From Net=SWCLK
Remove Pin=U1A-39 From Net=Role_1
Remove Pin=U1A-40 From Net=Role_2
Remove Pin=U1A-41 From Net=Role_3
Remove Pin=U1A-42 From Net=Role_4
Remove Pin=U1A-44 From Net=BOOT
Remove Pin=U1A-45 From Net=LED_RED
Remove Pin=U1A-46 From Net=LED_GREEN
Remove Pin=U2-3 From Net=RS_ESP32
Remove Pin=U2-30 From Net=UART1_STM_TX
Remove Pin=U2-31 From Net=UART1_STM_RX
Remove Pin=U2-34 From Net=RXD
Remove Pin=U2-35 From Net=TXD
Remove Pin=U3-3 From Net=DC
Remove Pin=U3-4 From Net=DD
Remove Pin=U3-10 From Net=UART1_STM_RX
Remove Pin=U3-11 From Net=UART2_STM_TX
Remove Pin=U3-24 From Net=RS_ZB
Remove Pin=U18-1 From Net=+3.3
Remove Pin=U18-4 From Net=GND
