Remove Pin=J7-8 From Net=+3.3
Remove Pin=J10-1 From Net=+5
Remove Pin=J10-2 From Net=GND
Remove Pin=U1A-14 From Net=CS
Remove Pin=U1A-15 From Net=SCK
Remove Pin=U1A-21 From Net=LED_BLUE
Remove Pin=U1A-29 From Net=RESET_TFT
Remove Pin=U1A-45 From Net=LED_RED
Remove Pin=U1A-46 From Net=LED_GREEN
Remove Pin=U17-1 From Net=+3.3
Remove Pin=U17-4 From Net=GND
Change Component Footprint: Designator=C6 Old Footprint=0.47uF/50V New Footprint=CAPACITOR 0805
Change Component Comment: Designator=R10 Old Comment=1K New Comment=RESISTOR_12.5mm
Change Component Comment: Designator=R11 Old Comment=1K New Comment=RESISTOR_12.5mm
Change Component Comment: Designator=C6 Old Comment=10uF New Comment=CAPACITOR 0805
Change Component Comment: Designator=C12 Old Comment=10uF New Comment=CAPACITOR 0805
Change Component Comment: Designator=J4 Old Comment=12AC New Comment=BORNE-5.00-2P
Change Component Comment: Designator=C17 Old Comment=47uF New Comment=0.
Change Component Comment: Designator=C1 Old Comment=100nF New Comment=CAPACITOR 0805
Change Component Comment: Designator=C3 Old Comment=100nF New Comment=CAPACITOR 0805
Change Component Comment: Designator=C4 Old Comment=100nF New Comment=CAPACITOR 0805
Change Component Comment: Designator=C5 Old Comment=100nF New Comment=CAPACITOR 0805
Change Component Comment: Designator=C9 Old Comment=100nF New Comment=CAPACITOR 0805
Change Component Comment: Designator=C11 Old Comment=100nF New Comment=CAPACITOR 0805
Change Component Comment: Designator=C18 Old Comment=100nF New Comment=CAPACITOR 0805
Change Component Comment: Designator=C16 Old Comment=100uF New Comment=100uF/50V
Change Component Comment: Designator=C19 Old Comment=100uF New Comment=CAPACITOR 0805
Change Component Comment: Designator=U5 Old Comment=BUZZER New Comment=BUZZER_12mm
Change Component Comment: Designator=J1 Old Comment=CC DEBUGGER New Comment=JST-2.54-6P
Change Component Comment: Designator=D1 Old Comment=LED_RGB New Comment=LED_RGB_5mm
Change Component Comment: Designator=J2 Old Comment=ST LINK New Comment=SWD
Change Component Comment: Designator=J7 Old Comment=TFT 2.8 inh New Comment=MALE-2.54-10P
Change Component Comment: Designator=J3 Old Comment=USB TTL New Comment=JST-2.54-6P
Change Component Designator: OldDesignator=C1 NewDesignator=C2
Change Component Designator: OldDesignator=C9 NewDesignator=C7
Change Component Designator: OldDesignator=C10 NewDesignator=C8
Change Component Designator: OldDesignator=C11 NewDesignator=C10
Change Component Designator: OldDesignator=C12 NewDesignator=C11
Change Component Designator: OldDesignator=C13 NewDesignator=C9
Change Component Designator: OldDesignator=C14 NewDesignator=C13
Change Component Designator: OldDesignator=C16 NewDesignator=C14
Change Component Designator: OldDesignator=C17 NewDesignator=C?
Change Component Designator: OldDesignator=C18 NewDesignator=C16
Change Component Designator: OldDesignator=C19 NewDesignator=C17
Change Component Designator: OldDesignator=D1 NewDesignator=D?
Change Component Designator: OldDesignator=D2 NewDesignator=D?
Change Component Designator: OldDesignator=D4 NewDesignator=D?
Change Component Designator: OldDesignator=J5 NewDesignator=J?
Change Component Designator: OldDesignator=J7 NewDesignator=J?
Change Component Designator: OldDesignator=Q1 NewDesignator=Q?
Change Component Designator: OldDesignator=R10 NewDesignator=R?
Change Component Designator: OldDesignator=R11 NewDesignator=R?
Change Component Designator: OldDesignator=U5 NewDesignator=U?
Change Component Designator: OldDesignator=U6 NewDesignator=U5
Change Component Designator: OldDesignator=U7 NewDesignator=U?
Change Component Designator: OldDesignator=U8 NewDesignator=U?
Change Component Designator: OldDesignator=U11 NewDesignator=U6
Change Component Designator: OldDesignator=U14 NewDesignator=U7
Change Component Designator: OldDesignator=U17 NewDesignator=U?
Add Pin To Net: Pin=J?-5 Old Net=DC_TFT New Net=DC
