Change Component Designator: Old Designator=D3 New Designator=D4
Change Component Designator: Old Designator=D4 New Designator=D3
Change Component Designator: Old Designator=D? New Designator=D6
Change Component Designator: Old Designator=J4 New Designator=J10
Change Component Designator: Old Designator=J5 New Designator=J4
Change Component Designator: Old Designator=J6 New Designator=J5
Change Component Designator: Old Designator=J7 New Designator=J9
Change Component Designator: Old Designator=J8 New Designator=J11
Change Component Designator: Old Designator=J? New Designator=J6
Change Component Designator: Old Designator=J? New Designator=J7
Change Component Designator: Old Designator=J? New Designator=J8
Change Component Designator: Old Designator=J? New Designator=J12
Change Component Designator: Old Designator=J? New Designator=J13
Change Component Designator: Old Designator=Q? New Designator=Q4
Change Component Designator: Old Designator=R? New Designator=R15
Change Component Designator: Old Designator=R? New Designator=R16
Change Component Designator: Old Designator=U7 New Designator=U11
Change Component Designator: Old Designator=U8 New Designator=U7
Change Component Designator: Old Designator=U9 New Designator=U8
Change Component Designator: Old Designator=U10 New Designator=U17
Change Component Designator: Old Designator=U11 New Designator=U9
Change Component Designator: Old Designator=U12 New Designator=U10
Change Component Designator: Old Designator=U13 New Designator=U14
Change Component Designator: Old Designator=U14 New Designator=U12
Change Component Designator: Old Designator=U15 New Designator=U13
Change Component Designator: Old Designator=U? New Designator=U15
Change Component Designator: Old Designator=U? New Designator=U16
